error: you seem to use `.enumerate()` and immediately discard the index
  --> tests/ui/unused_enumerate_index.rs:12:19
   |
LL |     for (_, x) in v.iter().enumerate() {
   |                   ^^^^^^^^^^^^^^^^^^^^
   |
   = note: `-D clippy::unused-enumerate-index` implied by `-D warnings`
   = help: to override `-D warnings` add `#[allow(clippy::unused_enumerate_index)]`
help: remove the `.enumerate()` call
   |
LL |     for x in v.iter() {
   |         ~    ~~~~~~~~

error: you seem to use `.enumerate()` and immediately discard the index
  --> tests/ui/unused_enumerate_index.rs:59:19
   |
LL |     for (_, x) in dummy.enumerate() {
   |                   ^^^^^^^^^^^^^^^^^
   |
help: remove the `.enumerate()` call
   |
LL |     for x in dummy {
   |         ~    ~~~~~

error: you seem to use `.enumerate()` and immediately discard the index
  --> tests/ui/unused_enumerate_index.rs:63:39
   |
LL |     let _ = vec![1, 2, 3].into_iter().enumerate().map(|(_, x)| println!("{x}"));
   |                                       ^^^^^^^^^^^
   |
help: remove the `.enumerate()` call
   |
LL -     let _ = vec![1, 2, 3].into_iter().enumerate().map(|(_, x)| println!("{x}"));
LL +     let _ = vec![1, 2, 3].into_iter().map(|x| println!("{x}"));
   |

error: you seem to use `.enumerate()` and immediately discard the index
  --> tests/ui/unused_enumerate_index.rs:65:39
   |
LL |     let p = vec![1, 2, 3].into_iter().enumerate();
   |                                       ^^^^^^^^^^^
   |
help: remove the `.enumerate()` call
   |
LL ~     let p = vec![1, 2, 3].into_iter();
LL ~     p.map(|x| println!("{x}"));
   |

error: you seem to use `.enumerate()` and immediately discard the index
  --> tests/ui/unused_enumerate_index.rs:86:17
   |
LL |     _ = mac2!().enumerate().map(|(_, _v)| {});
   |                 ^^^^^^^^^^^
   |
help: remove the `.enumerate()` call
   |
LL -     _ = mac2!().enumerate().map(|(_, _v)| {});
LL +     _ = mac2!().map(|_v| {});
   |

error: you seem to use `.enumerate()` and immediately discard the index
  --> tests/ui/unused_enumerate_index.rs:88:16
   |
LL |     [1].iter().enumerate().map(|x| x.1);
   |                ^^^^^^^^^^^
   |
help: remove the `.enumerate()` call
   |
LL -     [1].iter().enumerate().map(|x| x.1);
LL +     [1].iter().map(|x| x);
   |

error: you seem to use `.enumerate()` and immediately discard the index
  --> tests/ui/unused_enumerate_index.rs:89:16
   |
LL |     [1].iter().enumerate().map(|x| {
   |                ^^^^^^^^^^^
   |
help: remove the `.enumerate()` call
   |
LL ~     [1].iter().map(|x| {
LL ~         if *x == 0 {
LL ~             x + 3
LL |         } else {
LL ~             println!("{}", x);
LL ~             *x
   |

error: aborting due to 7 previous errors

